// Jest Snapshot v1, https://goo.gl/fbAQLP

exports[`should render EditExpensePage  1`] = `
<div>
  <div
    className="page-header"
  >
    <div
      className="content-container"
    >
      <h1
        className="page-header__title"
      >
        Edit Expense
      </h1>
    </div>
  </div>
  <div
    className="content-container"
  >
    <ExpenseForm
      amountPlaceholder="Amount"
      descriptionPlaceholder="Description"
      expense={
        Object {
          "amount": 109500,
          "createdAt": -345600000,
          "description": "Rent",
          "id": "2",
          "note": "",
        }
      }
      expenseButton="Expense"
      newExpenseButton="Add"
      notePlaceholder="Add an extense description (option)"
      onSubmit={[Function]}
      saveExpenseButton="Save"
    />
    <button
      className="button button-gray"
      onClick={[Function]}
    >
      Remove Expense
    </button>
  </div>
</div>
`;
