// Jest Snapshot v1, https://goo.gl/fbAQLP

exports[`should render LoginPage 1`] = `
<div>
  <h1>
    Welcome ! 
  </h1>
  <button
    onClick={[Function]}
  >
    Log in
  </button>
</div>
`;
